[icc2-lic Sun Apr  5 08:04:48 2026] Command 'report_qor' requires licenses
[icc2-lic Sun Apr  5 08:04:48 2026] Attempting to check-out alternate set of keys directly with queueing
[icc2-lic Sun Apr  5 08:04:48 2026] Sending count request for 'ICCompilerII-8' 
[icc2-lic Sun Apr  5 08:04:48 2026] Count request for 'ICCompilerII-8' returned 1 
[icc2-lic Sun Apr  5 08:04:48 2026] Sending check-out request for 'ICCompilerII-8' (1) with wait option
[icc2-lic Sun Apr  5 08:04:49 2026] Check-out request for 'ICCompilerII-8' with wait option succeeded
[icc2-lic Sun Apr  5 08:04:49 2026] Sending checkout check request for 'ICCompilerII-8' 
[icc2-lic Sun Apr  5 08:04:49 2026] Checkout check request for 'ICCompilerII-8' returned 0 
[icc2-lic Sun Apr  5 08:04:49 2026] Sending count request for 'ICCompilerII-8' 
[icc2-lic Sun Apr  5 08:04:49 2026] Count request for 'ICCompilerII-8' returned 1 
[icc2-lic Sun Apr  5 08:04:49 2026] Sending count request for 'ICCompilerII-NX' 
[icc2-lic Sun Apr  5 08:04:49 2026] Count request for 'ICCompilerII-NX' returned 1 
[icc2-lic Sun Apr  5 08:04:49 2026] Sending check-out request for 'ICCompilerII-NX' (1) with wait option
[icc2-lic Sun Apr  5 08:04:49 2026] Check-out request for 'ICCompilerII-NX' with wait option succeeded
[icc2-lic Sun Apr  5 08:04:49 2026] Sending checkout check request for 'ICCompilerII-NX' 
[icc2-lic Sun Apr  5 08:04:49 2026] Checkout check request for 'ICCompilerII-NX' returned 0 
[icc2-lic Sun Apr  5 08:04:49 2026] Sending count request for 'ICCompilerII-NX' 
[icc2-lic Sun Apr  5 08:04:49 2026] Count request for 'ICCompilerII-NX' returned 1 
[icc2-lic Sun Apr  5 08:04:49 2026] Check-out of alternate set of keys directly with queueing was successful
****************************************
Report : qor
Design : as_4bit
Version: W-2024.09
Date   : Sun Apr  5 08:04:49 2026
****************************************


Scenario           'func::nom'
Timing Path Group  '**in2reg_default**'
----------------------------------------
Levels of Logic:                      0
Critical Path Length:              2.00
Critical Path Slack:               7.78
Critical Path Clk Period:         10.00
Total Negative Slack:              0.00
No. of Violating Paths:               0
Worst Hold Violation:              0.00
Total Hold Violation:              0.00
No. of Hold Violations:               0
----------------------------------------

Scenario           'func::nom'
Timing Path Group  '**reg2out_default**'
----------------------------------------
Levels of Logic:                      0
Critical Path Length:              0.10
Critical Path Slack:               7.70
Critical Path Clk Period:         10.00
Total Negative Slack:              0.00
No. of Violating Paths:               0
Worst Hold Violation:              0.00
Total Hold Violation:              0.00
No. of Hold Violations:               0
----------------------------------------

Scenario           'func::nom'
Timing Path Group  'clk'
----------------------------------------
Levels of Logic:                      6
Critical Path Length:              0.44
Critical Path Slack:               9.33
Critical Path Clk Period:         10.00
Total Negative Slack:              0.00
No. of Violating Paths:               0
Worst Hold Violation:              0.00
Total Hold Violation:              0.00
No. of Hold Violations:               0
----------------------------------------


Cell Count
----------------------------------------
Hierarchical Cell Count:              0
Hierarchical Port Count:              0
Leaf Cell Count:                     45
Buf/Inv Cell Count:                  13
Buf Cell Count:                       9
Inv Cell Count:                       4
Combinational Cell Count:            30
   Single-bit Isolation Cell Count:                        0
   Multi-bit Isolation Cell Count:                         0
   Isolation Cell Banking Ratio:                           0.00%
   Single-bit Level Shifter Cell Count:                    0
   Multi-bit Level Shifter Cell Count:                     0
   Level Shifter Cell Banking Ratio:                       0.00%
   Single-bit ELS Cell Count:                              0
   Multi-bit ELS Cell Count:                               0
   ELS Cell Banking Ratio:                                 0.00%
Sequential Cell Count:               15
   Integrated Clock-Gating Cell Count:                     0
   Sequential Macro Cell Count:                            0
   Single-bit Sequential Cell Count:                       15
   Multi-bit Sequential Cell Count:                        0
   Sequential Cell Banking Ratio:                          0.00%
   BitsPerflop:                                            1.00
Macro Count:                          0
----------------------------------------


Area
----------------------------------------
Combinational Area:               91.49
Noncombinational Area:           106.74
Buf/Inv Area:                     39.39
Total Buffer Area:                33.55
Total Inverter Area:               5.85
Macro/Black Box Area:              0.00
Net Area:                             0
Net XLength:                     339.07
Net YLength:                     382.79
----------------------------------------
Cell Area (netlist):                            198.23
Cell Area (netlist and physical only):          198.23
Net Length:                      721.86


Design Rules
----------------------------------------
Total Number of Nets:                63
Nets with Violations:                 0
Max Trans Violations:                 0
Max Cap Violations:                   0
----------------------------------------

1
