[icc2-lic Sun Apr  5 08:04:10 2026] Command 'report_timing' requires licenses
[icc2-lic Sun Apr  5 08:04:10 2026] Attempting to check-out alternate set of keys directly with queueing
[icc2-lic Sun Apr  5 08:04:10 2026] Sending count request for 'ICCompilerII-8' 
[icc2-lic Sun Apr  5 08:04:10 2026] Count request for 'ICCompilerII-8' returned 1 
[icc2-lic Sun Apr  5 08:04:10 2026] Sending check-out request for 'ICCompilerII-8' (1) with wait option
[icc2-lic Sun Apr  5 08:04:10 2026] Check-out request for 'ICCompilerII-8' with wait option succeeded
[icc2-lic Sun Apr  5 08:04:10 2026] Sending checkout check request for 'ICCompilerII-8' 
[icc2-lic Sun Apr  5 08:04:10 2026] Checkout check request for 'ICCompilerII-8' returned 0 
[icc2-lic Sun Apr  5 08:04:10 2026] Sending count request for 'ICCompilerII-8' 
[icc2-lic Sun Apr  5 08:04:10 2026] Count request for 'ICCompilerII-8' returned 1 
[icc2-lic Sun Apr  5 08:04:10 2026] Sending count request for 'ICCompilerII-NX' 
[icc2-lic Sun Apr  5 08:04:10 2026] Count request for 'ICCompilerII-NX' returned 1 
[icc2-lic Sun Apr  5 08:04:10 2026] Sending check-out request for 'ICCompilerII-NX' (1) with wait option
[icc2-lic Sun Apr  5 08:04:10 2026] Check-out request for 'ICCompilerII-NX' with wait option succeeded
[icc2-lic Sun Apr  5 08:04:10 2026] Sending checkout check request for 'ICCompilerII-NX' 
[icc2-lic Sun Apr  5 08:04:10 2026] Checkout check request for 'ICCompilerII-NX' returned 0 
[icc2-lic Sun Apr  5 08:04:10 2026] Sending count request for 'ICCompilerII-NX' 
[icc2-lic Sun Apr  5 08:04:10 2026] Count request for 'ICCompilerII-NX' returned 1 
[icc2-lic Sun Apr  5 08:04:10 2026] Check-out of alternate set of keys directly with queueing was successful
****************************************
Report : timing
        -path_type full
        -delay_type min
        -max_paths 10
        -report_by design
Design : as_4bit
Version: W-2024.09
Date   : Sun Apr  5 08:04:10 2026
****************************************

  Startpoint: opcode_reg_reg[0] (rising edge-triggered flip-flop clocked by clk)
  Endpoint: result_reg[2] (rising edge-triggered flip-flop clocked by clk)
  Mode: func
  Corner: nom
  Scenario: func::nom
  Path Group: clk
  Path Type: min

  Point                                            Incr      Path  
  ------------------------------------------------------------------------
  clock clk (rise edge)                            0.00      0.00
  clock network delay (ideal)                      0.00      0.00

  opcode_reg_reg[0]/CLK (DFFARX1_RVT)              0.00      0.00 r
  opcode_reg_reg[0]/Q (DFFARX1_RVT)                0.11      0.11 r
  U29/Y (NOR2X0_RVT)                               0.05      0.16 f
  U42/Y (AO21X1_RVT)                               0.04      0.20 f
  result_reg[2]/D (DFFARX1_RVT)                    0.00      0.20 f
  data arrival time                                          0.20

  clock clk (rise edge)                            0.00      0.00
  clock network delay (ideal)                      0.00      0.00
  result_reg[2]/CLK (DFFARX1_RVT)                  0.00      0.00 r
  clock uncertainty                                0.20      0.20
  library hold time                                0.00      0.20
  data required time                                         0.20
  ------------------------------------------------------------------------
  data required time                                         0.20
  data arrival time                                         -0.20
  ------------------------------------------------------------------------
  slack (MET)                                                0.00



  Startpoint: opcode_reg_reg[0] (rising edge-triggered flip-flop clocked by clk)
  Endpoint: result_reg[3] (rising edge-triggered flip-flop clocked by clk)
  Mode: func
  Corner: nom
  Scenario: func::nom
  Path Group: clk
  Path Type: min

  Point                                            Incr      Path  
  ------------------------------------------------------------------------
  clock clk (rise edge)                            0.00      0.00
  clock network delay (ideal)                      0.00      0.00

  opcode_reg_reg[0]/CLK (DFFARX1_RVT)              0.00      0.00 r
  opcode_reg_reg[0]/Q (DFFARX1_RVT)                0.11      0.11 r
  U29/Y (NOR2X0_RVT)                               0.05      0.16 f
  U46/Y (AO21X1_RVT)                               0.04      0.20 f
  ropt_h_inst_568/Y (NBUFFX2_RVT)                  0.02      0.23 f
  result_reg[3]/D (DFFARX1_RVT)                    0.00      0.23 f
  data arrival time                                          0.23

  clock clk (rise edge)                            0.00      0.00
  clock network delay (ideal)                      0.00      0.00
  result_reg[3]/CLK (DFFARX1_RVT)                  0.00      0.00 r
  clock uncertainty                                0.20      0.20
  library hold time                                0.00      0.20
  data required time                                         0.20
  ------------------------------------------------------------------------
  data required time                                         0.20
  data arrival time                                         -0.23
  ------------------------------------------------------------------------
  slack (MET)                                                0.02



  Startpoint: A_reg_reg[0] (rising edge-triggered flip-flop clocked by clk)
  Endpoint: result_reg[0] (rising edge-triggered flip-flop clocked by clk)
  Mode: func
  Corner: nom
  Scenario: func::nom
  Path Group: clk
  Path Type: min

  Point                                            Incr      Path  
  ------------------------------------------------------------------------
  clock clk (rise edge)                            0.00      0.00
  clock network delay (ideal)                      0.00      0.00

  A_reg_reg[0]/CLK (DFFARX1_RVT)                   0.00      0.00 r
  A_reg_reg[0]/Q (DFFARX1_RVT)                     0.10      0.10 r
  U30/Y (OA21X1_RVT)                               0.03      0.14 r
  ropt_h_inst_560/Y (DELLN1X2_RVT)                 0.10      0.24 r
  result_reg[0]/D (DFFARX1_RVT)                    0.00      0.24 r
  data arrival time                                          0.24

  clock clk (rise edge)                            0.00      0.00
  clock network delay (ideal)                      0.00      0.00
  result_reg[0]/CLK (DFFARX1_RVT)                  0.00      0.00 r
  clock uncertainty                                0.20      0.20
  library hold time                               -0.00      0.20
  data required time                                         0.20
  ------------------------------------------------------------------------
  data required time                                         0.20
  data arrival time                                         -0.24
  ------------------------------------------------------------------------
  slack (MET)                                                0.04



  Startpoint: opcode_reg_reg[1] (rising edge-triggered flip-flop clocked by clk)
  Endpoint: result_reg[1] (rising edge-triggered flip-flop clocked by clk)
  Mode: func
  Corner: nom
  Scenario: func::nom
  Path Group: clk
  Path Type: min

  Point                                            Incr      Path  
  ------------------------------------------------------------------------
  clock clk (rise edge)                            0.00      0.00
  clock network delay (ideal)                      0.00      0.00

  opcode_reg_reg[1]/CLK (DFFARX1_RVT)              0.00      0.00 r
  opcode_reg_reg[1]/QN (DFFARX1_RVT)               0.09      0.09 r
  U37/Y (OA222X1_RVT)                              0.05      0.14 r
  U38/Y (AO21X1_RVT)                               0.03      0.17 r
  ropt_h_inst_563/Y (DELLN1X2_RVT)                 0.10      0.27 r
  result_reg[1]/D (DFFARX1_RVT)                    0.00      0.27 r
  data arrival time                                          0.27

  clock clk (rise edge)                            0.00      0.00
  clock network delay (ideal)                      0.00      0.00
  result_reg[1]/CLK (DFFARX1_RVT)                  0.00      0.00 r
  clock uncertainty                                0.20      0.20
  library hold time                               -0.00      0.20
  data required time                                         0.20
  ------------------------------------------------------------------------
  data required time                                         0.20
  data arrival time                                         -0.27
  ------------------------------------------------------------------------
  slack (MET)                                                0.07



  Startpoint: A_reg_reg[3] (rising edge-triggered flip-flop clocked by clk)
  Endpoint: carry_reg (rising edge-triggered flip-flop clocked by clk)
  Mode: func
  Corner: nom
  Scenario: func::nom
  Path Group: clk
  Path Type: min

  Point                                            Incr      Path  
  ------------------------------------------------------------------------
  clock clk (rise edge)                            0.00      0.00
  clock network delay (ideal)                      0.00      0.00

  A_reg_reg[3]/CLK (DFFARX1_RVT)                   0.00      0.00 r
  A_reg_reg[3]/Q (DFFARX1_RVT)                     0.11      0.11 f
  intadd_0/U2/CO (FADDX1_RVT)                      0.04      0.15 f
  U34/Y (AND2X1_RVT)                               0.03      0.18 f
  ropt_h_inst_566/Y (DELLN1X2_RVT)                 0.11      0.29 f
  carry_reg/D (DFFARX1_RVT)                        0.00      0.29 f
  data arrival time                                          0.29

  clock clk (rise edge)                            0.00      0.00
  clock network delay (ideal)                      0.00      0.00
  carry_reg/CLK (DFFARX1_RVT)                      0.00      0.00 r
  clock uncertainty                                0.20      0.20
  library hold time                                0.00      0.20
  data required time                                         0.20
  ------------------------------------------------------------------------
  data required time                                         0.20
  data arrival time                                         -0.29
  ------------------------------------------------------------------------
  slack (MET)                                                0.09



  Startpoint: rst (input port clocked by clk)
  Endpoint: B_reg_reg[3] (removal check against rising-edge clock clocked by clk)
  Mode: func
  Corner: nom
  Scenario: func::nom
  Path Group: **in2reg_default**
  Path Type: min

  Point                                            Incr      Path  
  ------------------------------------------------------------------------
  clock clk (rise edge)                            0.00      0.00
  clock network delay (ideal)                      0.00      0.00
  input external delay                             2.00      2.00 f
  rst (in)                                         0.00      2.00 f
  U28/Y (INVX4_RVT)                                0.02      2.02 r
  B_reg_reg[3]/RSTB (DFFARX1_RVT)                  0.00      2.02 r
  data arrival time                                          2.02

  clock clk (rise edge)                            0.00      0.00
  clock network delay (ideal)                      0.00      0.00
  B_reg_reg[3]/CLK (DFFARX1_RVT)                   0.00      0.00 r
  clock uncertainty                                0.20      0.20
  library hold time                                0.08      0.28
  data required time                                         0.28
  ------------------------------------------------------------------------
  data required time                                         0.28
  data arrival time                                         -2.02
  ------------------------------------------------------------------------
  slack (MET)                                                1.73



  Startpoint: rst (input port clocked by clk)
  Endpoint: A_reg_reg[0] (removal check against rising-edge clock clocked by clk)
  Mode: func
  Corner: nom
  Scenario: func::nom
  Path Group: **in2reg_default**
  Path Type: min

  Point                                            Incr      Path  
  ------------------------------------------------------------------------
  clock clk (rise edge)                            0.00      0.00
  clock network delay (ideal)                      0.00      0.00
  input external delay                             2.00      2.00 f
  rst (in)                                         0.00      2.00 f
  U28/Y (INVX4_RVT)                                0.02      2.02 r
  A_reg_reg[0]/RSTB (DFFARX1_RVT)                  0.00      2.02 r
  data arrival time                                          2.02

  clock clk (rise edge)                            0.00      0.00
  clock network delay (ideal)                      0.00      0.00
  A_reg_reg[0]/CLK (DFFARX1_RVT)                   0.00      0.00 r
  clock uncertainty                                0.20      0.20
  library hold time                                0.08      0.28
  data required time                                         0.28
  ------------------------------------------------------------------------
  data required time                                         0.28
  data arrival time                                         -2.02
  ------------------------------------------------------------------------
  slack (MET)                                                1.73



  Startpoint: rst (input port clocked by clk)
  Endpoint: A_reg_reg[3] (removal check against rising-edge clock clocked by clk)
  Mode: func
  Corner: nom
  Scenario: func::nom
  Path Group: **in2reg_default**
  Path Type: min

  Point                                            Incr      Path  
  ------------------------------------------------------------------------
  clock clk (rise edge)                            0.00      0.00
  clock network delay (ideal)                      0.00      0.00
  input external delay                             2.00      2.00 f
  rst (in)                                         0.00      2.00 f
  U28/Y (INVX4_RVT)                                0.02      2.02 r
  A_reg_reg[3]/RSTB (DFFARX1_RVT)                  0.00      2.02 r
  data arrival time                                          2.02

  clock clk (rise edge)                            0.00      0.00
  clock network delay (ideal)                      0.00      0.00
  A_reg_reg[3]/CLK (DFFARX1_RVT)                   0.00      0.00 r
  clock uncertainty                                0.20      0.20
  library hold time                                0.08      0.28
  data required time                                         0.28
  ------------------------------------------------------------------------
  data required time                                         0.28
  data arrival time                                         -2.02
  ------------------------------------------------------------------------
  slack (MET)                                                1.73



  Startpoint: rst (input port clocked by clk)
  Endpoint: A_reg_reg[1] (removal check against rising-edge clock clocked by clk)
  Mode: func
  Corner: nom
  Scenario: func::nom
  Path Group: **in2reg_default**
  Path Type: min

  Point                                            Incr      Path  
  ------------------------------------------------------------------------
  clock clk (rise edge)                            0.00      0.00
  clock network delay (ideal)                      0.00      0.00
  input external delay                             2.00      2.00 f
  rst (in)                                         0.00      2.00 f
  U28/Y (INVX4_RVT)                                0.02      2.02 r
  A_reg_reg[1]/RSTB (DFFARX1_RVT)                  0.00      2.02 r
  data arrival time                                          2.02

  clock clk (rise edge)                            0.00      0.00
  clock network delay (ideal)                      0.00      0.00
  A_reg_reg[1]/CLK (DFFARX1_RVT)                   0.00      0.00 r
  clock uncertainty                                0.20      0.20
  library hold time                                0.08      0.28
  data required time                                         0.28
  ------------------------------------------------------------------------
  data required time                                         0.28
  data arrival time                                         -2.02
  ------------------------------------------------------------------------
  slack (MET)                                                1.73



  Startpoint: rst (input port clocked by clk)
  Endpoint: B_reg_reg[1] (removal check against rising-edge clock clocked by clk)
  Mode: func
  Corner: nom
  Scenario: func::nom
  Path Group: **in2reg_default**
  Path Type: min

  Point                                            Incr      Path  
  ------------------------------------------------------------------------
  clock clk (rise edge)                            0.00      0.00
  clock network delay (ideal)                      0.00      0.00
  input external delay                             2.00      2.00 f
  rst (in)                                         0.00      2.00 f
  U28/Y (INVX4_RVT)                                0.02      2.02 r
  B_reg_reg[1]/RSTB (DFFARX1_RVT)                  0.00      2.02 r
  data arrival time                                          2.02

  clock clk (rise edge)                            0.00      0.00
  clock network delay (ideal)                      0.00      0.00
  B_reg_reg[1]/CLK (DFFARX1_RVT)                   0.00      0.00 r
  clock uncertainty                                0.20      0.20
  library hold time                                0.08      0.28
  data required time                                         0.28
  ------------------------------------------------------------------------
  data required time                                         0.28
  data arrival time                                         -2.02
  ------------------------------------------------------------------------
  slack (MET)                                                1.73


1
