 
****************************************
Report : net
Design : as_4bit
Version: W-2024.09
Date   : Sun Apr  5 07:32:37 2026
****************************************


Operating Conditions: ss0p7vn40c   Library: saed32rvt_ss0p7vn40c
Wire Load Model Mode: enclosed

Design        Wire Load Model            Library
------------------------------------------------
as_4bit                ForQA             saed32rvt_ss0p7vn40c


Attributes:
   dr - drc disabled

Net
 Fanout    Fanin     Load      LoadUR    LoadUF    LoadLR    LoadLF    Resist    Pins      Attr
-----------------------------------------------------------------------------------------------
A[0]
      1         1        0.65      0.77      0.68      0.60      0.60      0.02       2    
A[1]
      1         1        0.65      0.77      0.68      0.60      0.60      0.02       2    
A[2]
      1         1        0.65      0.77      0.68      0.60      0.60      0.02       2    
A[3]
      1         1        0.65      0.77      0.68      0.60      0.60      0.02       2    
A_reg[0]
      2         1        1.36      1.57      1.42      1.30      1.30      0.04       3    
A_reg[1]
      3         1        3.38      3.72      3.50      3.26      3.24      0.07       4    
A_reg[2]
      3         1        3.38      3.72      3.50      3.26      3.24      0.07       4    
A_reg[3]
      3         1        3.38      3.72      3.50      3.26      3.24      0.07       4    
B[0]
      1         1        0.65      0.77      0.68      0.60      0.60      0.02       2    
B[1]
      1         1        0.65      0.77      0.68      0.60      0.60      0.02       2    
B[2]
      1         1        0.65      0.77      0.68      0.60      0.60      0.02       2    
B[3]
      1         1        0.65      0.77      0.68      0.60      0.60      0.02       2    
B_reg[0]
      2         1        1.35      1.60      1.43      1.27      1.26      0.04       3    
B_reg[1]
      3         1        2.86      3.24      3.01      2.74      2.73      0.07       4    
B_reg[2]
      3         1        2.86      3.24      3.01      2.74      2.73      0.07       4    
B_reg[3]
      3         1        2.86      3.24      3.01      2.74      2.73      0.07       4    
alu_carry
      1         1        0.65      0.77      0.68      0.60      0.60      0.02       2    
carry
      1         1        0.24      0.24      0.24      0.24      0.24      0.02       2    
clk
     15         1       14.41     16.37     15.07     13.70     13.61      0.52      16    dr
intadd_0/CI
      2         1        4.40      5.24      4.66      4.08      4.02      0.04       3    
intadd_0/SUM[0]
      1         1        0.63      0.67      0.65      0.62      0.61      0.02       2    
intadd_0/SUM[1]
      1         1        0.63      0.67      0.65      0.62      0.61      0.02       2    
intadd_0/SUM[2]
      1         1        0.63      0.67      0.65      0.62      0.61      0.02       2    
intadd_0/n1
      1         1        0.65      0.75      0.67      0.62      0.62      0.02       2    
intadd_0/n2
      1         1        1.89      2.03      1.97      1.84      1.81      0.02       2    
intadd_0/n3
      1         1        1.89      2.03      1.97      1.84      1.81      0.02       2    
n23
     15         1       20.25     20.20     21.72     19.63     19.84      0.52      16    
n24
      1         1        0.65      0.77      0.68      0.60      0.60      0.02       2    
n25
      1         1        0.65      0.77      0.68      0.60      0.60      0.02       2    
n26
      1         1        0.65      0.77      0.68      0.60      0.60      0.02       2    
n27
      1         1        0.65      0.77      0.68      0.60      0.60      0.02       2    
n28
      1         1        0.42      0.45      0.44      0.40      0.39      0.00       2    dr
n29
      1         1        0.55      0.67      0.58      0.53      0.52      0.02       2    
n30
      2         1        1.34      1.56      1.43      1.28      1.26      0.04       3    
n31
      1         1        0.63      0.68      0.64      0.61      0.61      0.02       2    
n32
      1         1        0.65      0.75      0.68      0.61      0.60      0.02       2    
n33
      2         1        1.34      1.56      1.43      1.28      1.26      0.04       3    
n34
      1         1        0.63      0.68      0.64      0.61      0.61      0.02       2    
n35
      1         1        0.65      0.75      0.68      0.61      0.60      0.02       2    
n36
      2         1        1.34      1.56      1.43      1.28      1.26      0.04       3    
n37
      1         1        0.63      0.68      0.64      0.61      0.61      0.02       2    
n38
      1         1        0.65      0.75      0.68      0.61      0.60      0.02       2    
n39
      4         1        2.76      3.20      2.92      2.64      2.61      0.09       5    
n40
      4         1        2.79      3.02      2.91      2.69      2.70      0.09       5    
opcode[0]
      1         1        0.65      0.77      0.68      0.60      0.60      0.02       2    
opcode[1]
      1         1        0.65      0.77      0.68      0.60      0.60      0.02       2    
opcode_reg[0]
      5         1        4.19      5.25      4.57      3.90      3.82      0.12       6    
opcode_reg[1]
      6         1        4.36      4.70      4.51      4.22      4.19      0.15       7    
result[0]
      1         1        0.24      0.24      0.24      0.24      0.24      0.02       2    
result[1]
      1         1        0.24      0.24      0.24      0.24      0.24      0.02       2    
result[2]
      1         1        0.24      0.24      0.24      0.24      0.24      0.02       2    
result[3]
      1         1        0.24      0.24      0.24      0.24      0.24      0.02       2    
rst
      1         1        2.18      2.92      2.59      1.91      1.80      0.02       2    
-----------------------------------------------------------------------------------------------
Total 53 nets
    114        53      102.89    114.73    108.59     98.19     97.63      2.80     167
Maximum
     15         1       20.25     20.20     21.72     19.63     19.84      0.52      16
Average
   2.15      1.00        1.94      2.16      2.05      1.85      1.84      0.05    3.15
1
